<?xml version="1.0" encoding="utf-8"?><testsuites><testsuite name="pytest" errors="0" failures="0" skipped="0" tests="4" time="7.994" timestamp="2022-06-03T12:46:01.240970" hostname="W-HBHN1F3"><testcase classname="test_routes" name="test_base_route" time="0.044" /><testcase classname="test_routes" name="test_sentiment_analysis_route" time="0.026" /><testcase classname="test_routes" name="test_helloada_route" time="0.040" /><testcase classname="test_routes" name="test_helloanagha_route" time="0.016" /></testsuite></testsuites>